exports[`HelloWorld component should mount 1`] = `
<div>
  <h2>
    Hello, 
    Bob
    !
  </h2>
  <input
    onChange={[Function]}
    value="Bob" />
</div>
`;
